'PlaneCubic.AtLeastThree' depends on axioms: [propext, Quot.sound]
'PlaneCubic.AtLeastThree.of_infinite' depends on axioms: [propext, Classical.choice, Quot.sound]
'PlaneCubic.CardGT' depends on axioms: [propext, Quot.sound]
'PlaneCubic.CommonZero' depends on axioms: [propext, Classical.choice, Quot.sound]
'PlaneCubic.ExactlyMeetIn' depends on axioms: [propext, Classical.choice, Quot.sound]
'PlaneCubic.atLeastThree_iff_card' depends on axioms: [propext, Classical.choice, Quot.sound]
'PlaneCubic.card_add_one_le' depends on axioms: [propext, Classical.choice, Quot.sound]
'PlaneCubic.card_le_seven_of_not_atLeastThree' depends on axioms: [propext, Classical.choice, Quot.sound]
'PlaneCubic.cayley_bacharach' depends on axioms: [propext, Classical.choice, Quot.sound]
'PlaneCubic.cayley_bacharach_any' depends on axioms: [propext, Classical.choice, Quot.sound]
'PlaneCubic.cayley_bacharach_classical' depends on axioms: [propext, Classical.choice, Quot.sound]
'PlaneCubic.cayley_bacharach_classical_card' depends on axioms: [propext, Classical.choice, Quot.sound]
'PlaneCubic.cayley_bacharach_classical_card8' depends on axioms: [propext, Classical.choice, Quot.sound]
'PlaneCubic.cayley_bacharach_classical_fintype' depends on axioms: [propext, Classical.choice, Quot.sound]
'PlaneCubic.cayley_bacharach_of_no_common_factor' depends on axioms: [propext, Classical.choice, Quot.sound]
'PlaneCubic.cayley_bacharach_of_no_common_factor_any' depends on axioms: [propext, Classical.choice, Quot.sound]
'PlaneCubic.classical_conic_case' depends on axioms: [propext, Classical.choice, Quot.sound]
'PlaneCubic.classical_line_case' depends on axioms: [propext, Classical.choice, Quot.sound]
'PlaneCubic.coeffs_eq_zero_of_forall_three' depends on axioms: [propext, Classical.choice, Quot.sound]
'PlaneCubic.conic_line_lemma' depends on axioms: [propext, Classical.choice, Quot.sound]
'PlaneCubic.conic_points' depends on axioms: [propext, Classical.choice, Quot.sound]
'PlaneCubic.conic_three' depends on axioms: [propext, Classical.choice, Quot.sound]
'PlaneCubic.conics_le_one' depends on axioms: [propext, Classical.choice, Quot.sound]
'PlaneCubic.conics_le_two' depends on axioms: [propext, Classical.choice, Quot.sound]
'PlaneCubic.conics_off_line_ge_two' depends on axioms: [propext, Classical.choice, Quot.sound]
'PlaneCubic.cubic_four' depends on axioms: [propext, Classical.choice, Quot.sound]
'PlaneCubic.cubics_resid' depends on axioms: [propext, Classical.choice, Quot.sound]
'PlaneCubic.det_gram_eq_zero_iff' depends on axioms: [propext, Classical.choice, Quot.sound]
'PlaneCubic.det_gram_linMul' depends on axioms: [propext, Classical.choice, Quot.sound]
'PlaneCubic.det_gram_linMul_char_two' depends on axioms: [propext, Classical.choice, Quot.sound]
'PlaneCubic.eval' depends on axioms: [propext, Classical.choice, Quot.sound]
'PlaneCubic.evalC' depends on axioms: [propext, Classical.choice, Quot.sound]
'PlaneCubic.evalC_expand' depends on axioms: [propext, Classical.choice, Quot.sound]
'PlaneCubic.evalC_linMul' depends on axioms: [propext, Classical.choice, Quot.sound]
'PlaneCubic.evalC_smul_vec' depends on axioms: [propext, Classical.choice, Quot.sound]
'PlaneCubic.eval_expand' depends on axioms: [propext, Classical.choice, Quot.sound]
'PlaneCubic.eval_mulLin' depends on axioms: [propext, Classical.choice, Quot.sound]
'PlaneCubic.eval_smul_vec' depends on axioms: [propext, Classical.choice, Quot.sound]
'PlaneCubic.exists_conic_off_line' depends on axioms: [propext, Classical.choice, Quot.sound]
'PlaneCubic.exists_linMul_of_det_gram_eq_zero' depends on axioms: [propext, Classical.choice, Quot.sound]
'PlaneCubic.false_of_conic' depends on axioms: [propext, Classical.choice, Quot.sound]
'PlaneCubic.finrank_cubicsThrough_le_two' depends on axioms: [propext, Classical.choice, Quot.sound]
'PlaneCubic.finrank_ker_evalMap_eq_two' depends on axioms: [propext, Classical.choice, Quot.sound]
'PlaneCubic.finrank_ker_evalMap_eq_two_any' depends on axioms: [propext, Classical.choice, Quot.sound]
'PlaneCubic.finrank_ker_ge_of_conic' depends on axioms: [propext, Classical.choice, Quot.sound]
'PlaneCubic.finrank_ker_ge_of_line' depends on axioms: [propext, Classical.choice, Quot.sound]
'PlaneCubic.finrank_le_three_of_no3' depends on axioms: [propext, Classical.choice, Quot.sound]
'PlaneCubic.general_position_of_no_common_factor' depends on axioms: [propext, Classical.choice, Quot.sound]
'PlaneCubic.gram' depends on axioms: [propext, Quot.sound]
'PlaneCubic.gram_quadForm' depends on axioms: [propext, Classical.choice, Quot.sound]
'PlaneCubic.ker_evalMap_eq' depends on axioms: [propext, Classical.choice, Quot.sound]
'PlaneCubic.linMul' depends on axioms: [propext]
'PlaneCubic.line_comp_of_polar' depends on axioms: [propext, Classical.choice, Quot.sound]
'PlaneCubic.line_lemma' depends on axioms: [propext, Classical.choice, Quot.sound]
'PlaneCubic.line_lemma_false_zmod_two' depends on axioms: [propext, Classical.choice, Quot.sound]
'PlaneCubic.line_lemma_fintype' depends on axioms: [propext, Classical.choice, Quot.sound]
'PlaneCubic.line_points' depends on axioms: [propext, Classical.choice, Quot.sound]
'PlaneCubic.mem_span_of_eight' depends on axioms: [propext, Classical.choice, Quot.sound]
'PlaneCubic.mulLin' depends on axioms: [propext]
'PlaneCubic.ne_zero_of_pairwise' depends on axioms: [propext, Classical.choice, Quot.sound]
'PlaneCubic.no_common_conic_of_exact' depends on axioms: [propext, Classical.choice, Quot.sound]
'PlaneCubic.no_common_line_of_exact' depends on axioms: [propext, Classical.choice, Quot.sound]
'PlaneCubic.noncollinear_of_irreducible' depends on axioms: [propext, Classical.choice, Quot.sound]
'PlaneCubic.pappus_clean' depends on axioms: [propext, Classical.choice, Quot.sound]
'PlaneCubic.pappus_generic' depends on axioms: [propext, Classical.choice, Quot.sound]
'PlaneCubic.pappus_lines_distinct' depends on axioms: [propext, Classical.choice, Quot.sound]
'PlaneCubic.pappus_of_cayley_bacharach' depends on axioms: [propext, Classical.choice, Quot.sound]
'PlaneCubic.pascal_clean' depends on axioms: [propext, Classical.choice, Quot.sound]
'PlaneCubic.pascal_clean_det' depends on axioms: [propext, Classical.choice, Quot.sound]
'PlaneCubic.pascal_generic' depends on axioms: [propext, Classical.choice, Quot.sound]
'PlaneCubic.pascal_of_cayley_bacharach' depends on axioms: [propext, Classical.choice, Quot.sound]
'PlaneCubic.pascal_points_off_conic' depends on axioms: [propext, Classical.choice, Quot.sound]
'PlaneCubic.vanishesAt_smul_iff' depends on axioms: [propext, Classical.choice, Quot.sound]
'PlaneCubic' does not depend on any axioms
'PlaneCubic.cayley_bacharach_card3' depends on axioms: [propext, Classical.choice, Quot.sound]
'PlaneCubic.cayley_bacharach_classical_card3' depends on axioms: [propext, Classical.choice, Quot.sound]
'PlaneCubic.cayley_bacharach_classical_zmod3' depends on axioms: [propext, Classical.choice, Quot.sound]
'PlaneCubic.cayley_bacharach_classical_finite' depends on axioms: [propext, Classical.choice, Quot.sound]
'PlaneCubic.no_common_line_card3' depends on axioms: [propext, Classical.choice, Quot.sound]
'PlaneCubic.no_common_conic_card3' depends on axioms: [propext, Classical.choice, Quot.sound]
